TRENDS_DATA_DIR=/private/tmp/trends_test
Planning chunks → /private/tmp/trends_test/chunks.json
Wrote 10 chunks → /private/tmp/trends_test/chunks.json
Playwright downloads …
[1/11] reference_weekly.csv …
  retry 2/3 …
  Found 3 export button(s)
  Clicking export button 1/3 …
  Downloaded 1265 bytes to /private/tmp/trends_test/reference_weekly.csv
  → saved /private/tmp/trends_test/reference_weekly.csv
[2/11] chunk_00_2024-09-01_2024-11-14.csv …
  Found 4 export button(s)
  Clicking export button 1/4 …
  Downloaded 1110 bytes to /private/tmp/trends_test/chunks/chunk_00_2024-09-01_2024-11-14.csv
  → saved /private/tmp/trends_test/chunks/chunk_00_2024-09-01_2024-11-14.csv
[3/11] chunk_01_2024-10-31_2025-01-13.csv …
  Found 4 export button(s)
  Clicking export button 1/4 …
  Downloaded 1111 bytes to /private/tmp/trends_test/chunks/chunk_01_2024-10-31_2025-01-13.csv
  → saved /private/tmp/trends_test/chunks/chunk_01_2024-10-31_2025-01-13.csv
[4/11] chunk_02_2024-12-30_2025-03-14.csv …
  Found 4 export button(s)
  Clicking export button 1/4 …
  Downloaded 1110 bytes to /private/tmp/trends_test/chunks/chunk_02_2024-12-30_2025-03-14.csv
  → saved /private/tmp/trends_test/chunks/chunk_02_2024-12-30_2025-03-14.csv
[5/11] chunk_03_2025-02-28_2025-05-13.csv …
  Found 4 export button(s)
  Clicking export button 1/4 …
  Downloaded 1110 bytes to /private/tmp/trends_test/chunks/chunk_03_2025-02-28_2025-05-13.csv
  → saved /private/tmp/trends_test/chunks/chunk_03_2025-02-28_2025-05-13.csv
[6/11] chunk_04_2025-04-29_2025-07-12.csv …
  Found 4 export button(s)
  Clicking export button 1/4 …
  Downloaded 1110 bytes to /private/tmp/trends_test/chunks/chunk_04_2025-04-29_2025-07-12.csv
  → saved /private/tmp/trends_test/chunks/chunk_04_2025-04-29_2025-07-12.csv
[7/11] chunk_05_2025-06-28_2025-09-10.csv …
  Found 4 export button(s)
  Clicking export button 1/4 …
  Downloaded 1110 bytes to /private/tmp/trends_test/chunks/chunk_05_2025-06-28_2025-09-10.csv
  → saved /private/tmp/trends_test/chunks/chunk_05_2025-06-28_2025-09-10.csv
[8/11] chunk_06_2025-08-27_2025-11-09.csv …
  Found 4 export button(s)
  Clicking export button 1/4 …
  Downloaded 1110 bytes to /private/tmp/trends_test/chunks/chunk_06_2025-08-27_2025-11-09.csv
  → saved /private/tmp/trends_test/chunks/chunk_06_2025-08-27_2025-11-09.csv
[9/11] chunk_07_2025-10-26_2026-01-08.csv …
  Found 4 export button(s)
  Clicking export button 1/4 …
  Downloaded 1110 bytes to /private/tmp/trends_test/chunks/chunk_07_2025-10-26_2026-01-08.csv
  → saved /private/tmp/trends_test/chunks/chunk_07_2025-10-26_2026-01-08.csv
[10/11] chunk_08_2025-12-25_2026-03-09.csv …
  Found 4 export button(s)
  Clicking export button 1/4 …
  Downloaded 1110 bytes to /private/tmp/trends_test/chunks/chunk_08_2025-12-25_2026-03-09.csv
  → saved /private/tmp/trends_test/chunks/chunk_08_2025-12-25_2026-03-09.csv
[11/11] chunk_09_2026-02-23_2026-04-23.csv …
  Found 4 export button(s)
  Clicking export button 1/4 …
  Downloaded 900 bytes to /private/tmp/trends_test/chunks/chunk_09_2026-02-23_2026-04-23.csv
  → saved /private/tmp/trends_test/chunks/chunk_09_2026-02-23_2026-04-23.csv
All downloads finished.
Merging reference_weekly.csv → BigQuery `lkq-uki-ga-warehouse-prod.google_trends.01_reference_weekly` …
/Users/katewheatley/Desktop/city_map/data/deploy_v2/venv/lib/python3.9/site-packages/google/api_core/_python_version_support.py:242: FutureWarning: You are using a non-supported Python version (3.9.12). Google will not post any further updates to google.api_core supporting this Python version. Please upgrade to the latest Python version, or at least Python 3.10, and then update google.api_core.
  warnings.warn(message, FutureWarning)
/Users/katewheatley/Desktop/city_map/data/deploy_v2/venv/lib/python3.9/site-packages/google/auth/__init__.py:54: FutureWarning: You are using a Python version 3.9 past its end of life. Google will update google-auth with critical bug fixes on a best-effort basis, but not with any other fixes or features. Please upgrade your Python version, and then update google-auth.
  warnings.warn(eol_message.format("3.9"), FutureWarning)
/Users/katewheatley/Desktop/city_map/data/deploy_v2/venv/lib/python3.9/site-packages/google/oauth2/__init__.py:40: FutureWarning: You are using a Python version 3.9 past its end of life. Google will update google-auth with critical bug fixes on a best-effort basis, but not with any other fixes or features. Please upgrade your Python version, and then update google-auth.
  warnings.warn(eol_message.format("3.9"), FutureWarning)
Table lkq-uki-ga-warehouse-prod.google_trends.01_reference_weekly not found. Creating...
Created table lkq-uki-ga-warehouse-prod.google_trends.01_reference_weekly
Stitch + calibrate …

=== Stitching quality ===
  brake pads: median_ratio=1.243, std=0.543, joins=9

=== Calibration quality ===
  brake pads: scalar=0.477, daily-weekly r=0.893

→ wrote /private/tmp/trends_test/trends_daily.csv (600 rows)
Job finished OK.
